
> streamflix-frontend@1.0.0 build
> vite build

[36mvite v5.4.21 [32mbuilding for production...[36m[39m
transforming...
[32mΓ£ô[39m 298 modules transformed.
rendering chunks...
computing gzip size...
[2mdist/[22m[32mindex.html                 [39m[1m[2m    1.69 kB[22m[1m[22m[2m Γöé gzip:   0.77 kB[22m
[2mdist/[22m[35massets/index-CkX0pXon.css  [39m[1m[2m  333.54 kB[22m[1m[22m[2m Γöé gzip:  63.94 kB[22m
[2mdist/[22m[36massets/index-DE9K3Xzw.js   [39m[1m[33m1,424.85 kB[39m[22m[2m Γöé gzip: 414.77 kB[22m
npm.cmd : [33m
At line:1 char:72
+ ... Drive\Desktop\Netflix2026\frontend'; & npm.cmd run build *>&1 | Out-F ...
+                                          ~~~~~~~~~~~~~~~~~~~~~~~~
    + CategoryInfo          : NotSpecified: ([33m:String) [], RemoteException
    + FullyQualifiedErrorId : NativeCommandError
 
(!) Some chunks are larger than 500 kB after minification. Consider:
- Using dynamic import() to code-split the application
- Use build.rollupOptions.output.manualChunks to improve chunking: 
https://rollupjs.org/configuration-options/#output-manualchunks
- Adjust chunk size limit for this warning via build.chunkSizeWarningLimit.[39m
[32mΓ£ô built in 10.40s[39m
