
> streamflix-frontend@1.0.0 dev
> vite


  [32m[1mVITE[22m v5.4.21[39m  [2mready in [0m[1m1057[22m[2m[0m ms[22m

  [32m➜[39m  [1mLocal[22m:   [36mhttp://localhost:[1m5173[22m/[39m
[2m  [32m➜[39m  [1mNetwork[22m[2m: use [22m[1m--host[22m[2m to expose[22m
[2m[32m  ➜[39m[22m[2m  press [22m[1mh + enter[22m[2m to show help[22m
[2m1:32:10 am[22m [36m[1m[vite][22m[39m [32mhmr update [39m[2m/src/pages/Landing.jsx[22m
[2m1:32:10 am[22m [36m[1m[vite][22m[39m [32mhmr update [39m[2m/src/pages/Landing.jsx[22m
[2m1:32:20 am[22m [36m[1m[vite][22m[39m [32mhmr update [39m[2m/src/styles/pages.css[22m
[2m1:39:59 am[22m [36m[1m[vite][22m[39m [32mhmr update [39m[2m/src/pages/Landing.jsx[22m
[2m1:39:59 am[22m [36m[1m[vite][22m[39m [32mhmr update [39m[2m/src/pages/Landing.jsx[22m
[2m1:40:09 am[22m [36m[1m[vite][22m[39m [32mhmr update [39m[2m/src/styles/pages.css[22m
[2m1:42:29 am[22m [36m[1m[vite][22m[39m [32mhmr update [39m[2m/src/pages/Landing.jsx[22m
[2m1:42:29 am[22m [36m[1m[vite][22m[39m [32mhmr update [39m[2m/src/styles/pages.css[22m
[2m1:44:09 am[22m [36m[1m[vite][22m[39m [32mhmr update [39m[2m/src/styles/pages.css[22m
[2m1:45:18 am[22m [36m[1m[vite][22m[39m [32mhmr update [39m[2m/src/pages/Landing.jsx[22m
[2m1:45:24 am[22m [36m[1m[vite][22m[39m [32mhmr update [39m[2m/src/styles/pages.css[22m
[2m1:46:57 am[22m [36m[1m[vite][22m[39m [32mhmr update [39m[2m/src/pages/Landing.jsx[22m
[2m1:46:57 am[22m [36m[1m[vite][22m[39m [32mhmr update [39m[2m/src/styles/pages.css[22m
[2m1:48:52 am[22m [36m[1m[vite][22m[39m [32mhmr update [39m[2m/src/pages/Landing.jsx[22m
[2m1:48:57 am[22m [36m[1m[vite][22m[39m [32mhmr update [39m[2m/src/styles/pages.css[22m
[2m1:49:10 am[22m [36m[1m[vite][22m[39m [32mhmr update [39m[2m/src/styles/pages.css[22m
[2m1:50:23 am[22m [36m[1m[vite][22m[39m [32mhmr update [39m[2m/src/styles/pages.css[22m
[2m1:50:23 am[22m [36m[1m[vite][22m[39m [32mhmr update [39m[2m/src/styles/pages.css[22m
[2m1:51:21 am[22m [36m[1m[vite][22m[39m [32mhmr update [39m[2m/src/pages/Landing.jsx[22m
[2m1:51:21 am[22m [36m[1m[vite][22m[39m [32mhmr update [39m[2m/src/pages/Landing.jsx[22m
[2m1:52:33 am[22m [36m[1m[vite][22m[39m [32mhmr update [39m[2m/src/pages/Landing.jsx[22m
[2m1:55:00 am[22m [36m[1m[vite][22m[39m [32mhmr update [39m[2m/src/pages/Landing.jsx[22m
[2m1:55:00 am[22m [36m[1m[vite][22m[39m [32mhmr update [39m[2m/src/styles/pages.css[22m
[2m1:56:40 am[22m [36m[1m[vite][22m[39m [32mhmr update [39m[2m/src/styles/pages.css[22m
[2m1:56:40 am[22m [36m[1m[vite][22m[39m [32mhmr update [39m[2m/src/styles/pages.css[22m
[2m1:56:46 am[22m [36m[1m[vite][22m[39m [32mhmr update [39m[2m/src/styles/pages.css[22m
[2m1:58:59 am[22m [36m[1m[vite][22m[39m [32mhmr update [39m[2m/src/styles/pages.css[22m
[2m2:00:31 am[22m [36m[1m[vite][22m[39m [32mhmr update [39m[2m/src/styles/pages.css[22m
[2m2:02:34 am[22m [36m[1m[vite][22m[39m [32mhmr update [39m[2m/src/pages/Landing.jsx[22m
[2m2:02:43 am[22m [36m[1m[vite][22m[39m [32mhmr update [39m[2m/src/pages/Landing.jsx[22m
[2m2:02:43 am[22m [36m[1m[vite][22m[39m [32mhmr update [39m[2m/src/pages/Landing.jsx[22m
[2m2:02:52 am[22m [36m[1m[vite][22m[39m [32mhmr update [39m[2m/src/styles/pages.css[22m
[2m2:02:52 am[22m [36m[1m[vite][22m[39m [32mhmr update [39m[2m/src/styles/pages.css[22m
[2m2:03:06 am[22m [36m[1m[vite][22m[39m [32mhmr update [39m[2m/src/styles/pages.css[22m
[2m2:03:31 am[22m [36m[1m[vite][22m[39m [32mhmr update [39m[2m/src/styles/pages.css[22m
[2m2:03:36 am[22m [36m[1m[vite][22m[39m [32mhmr update [39m[2m/src/styles/pages.css[22m
[2m2:03:42 am[22m [36m[1m[vite][22m[39m [32mhmr update [39m[2m/src/styles/pages.css[22m
[2m2:03:47 am[22m [36m[1m[vite][22m[39m [32mhmr update [39m[2m/src/styles/pages.css[22m
[2m2:03:52 am[22m [36m[1m[vite][22m[39m [32mhmr update [39m[2m/src/styles/pages.css[22m
[2m2:03:56 am[22m [36m[1m[vite][22m[39m [32mhmr update [39m[2m/src/styles/pages.css[22m
[2m2:04:00 am[22m [36m[1m[vite][22m[39m [32mhmr update [39m[2m/src/styles/pages.css[22m
[2m2:04:04 am[22m [36m[1m[vite][22m[39m [32mhmr update [39m[2m/src/styles/pages.css[22m
[2m2:04:07 am[22m [36m[1m[vite][22m[39m [32mhmr update [39m[2m/src/styles/pages.css[22m
[2m2:04:26 am[22m [36m[1m[vite][22m[39m [32mhmr update [39m[2m/src/styles/pages.css[22m
[2m2:07:34 am[22m [36m[1m[vite][22m[39m [32mhmr update [39m[2m/src/pages/Landing.jsx[22m
[2m2:07:34 am[22m [36m[1m[vite][22m[39m [32mhmr update [39m[2m/src/pages/Landing.jsx[22m
[2m2:08:00 am[22m [36m[1m[vite][22m[39m [32mhmr update [39m[2m/src/pages/Landing.jsx[22m
[2m2:08:00 am[22m [36m[1m[vite][22m[39m [32mhmr update [39m[2m/src/styles/pages.css[22m
[2m2:13:55 am[22m [36m[1m[vite][22m[39m [32mhmr update [39m[2m/src/styles/core.css[22m
[2m2:13:55 am[22m [36m[1m[vite][22m[39m [32mhmr update [39m[2m/src/styles/core.css[22m
[2m2:13:55 am[22m [36m[1m[vite][22m[39m [32mhmr update [39m[2m/src/styles/pages.css[22m
[2m2:16:55 am[22m [36m[1m[vite][22m[39m [32mhmr update [39m[2m/src/styles/core.css[22m
[2m2:16:55 am[22m [36m[1m[vite][22m[39m [32mhmr update [39m[2m/src/styles/core.css[22m
[2m2:16:55 am[22m [36m[1m[vite][22m[39m [32mhmr update [39m[2m/src/styles/pages.css[22m
[2m2:20:11 am[22m [36m[1m[vite][22m[39m [32mhmr update [39m[2m/src/pages/Landing.jsx[22m
[2m2:20:11 am[22m [36m[1m[vite][22m[39m [32mhmr update [39m[2m/src/styles/core.css[22m
[2m2:20:11 am[22m [36m[1m[vite][22m[39m [32mhmr update [39m[2m/src/pages/Landing.jsx[22m
[2m2:20:11 am[22m [36m[1m[vite][22m[39m [32mhmr update [39m[2m/src/styles/pages.css[22m
[2m2:26:33 am[22m [36m[1m[vite][22m[39m [32mhmr update [39m[2m/src/pages/Landing.jsx[22m
[2m2:31:26 am[22m [36m[1m[vite][22m[39m [32mhmr update [39m[2m/src/styles/pages.css[22m
[2m2:31:26 am[22m [36m[1m[vite][22m[39m [32mhmr update [39m[2m/src/styles/pages.css[22m
[2m2:34:11 am[22m [36m[1m[vite][22m[39m [32mhmr update [39m[2m/src/styles/pages.css[22m
[2m2:34:12 am[22m [36m[1m[vite][22m[39m [32mhmr update [39m[2m/src/styles/pages.css[22m
[2m2:37:54 am[22m [36m[1m[vite][22m[39m [32mhmr update [39m[2m/src/pages/Landing.jsx[22m
[2m2:37:54 am[22m [36m[1m[vite][22m[39m [32mhmr update [39m[2m/src/styles/pages.css[22m
[2m2:37:54 am[22m [36m[1m[vite][22m[39m [32mhmr update [39m[2m/src/pages/Landing.jsx[22m
[2m2:37:54 am[22m [36m[1m[vite][22m[39m [32mhmr update [39m[2m/src/styles/core.css[22m
[2m2:52:27 am[22m [36m[1m[vite][22m[39m [32mhmr update [39m[2m/src/pages/Login.jsx[22m
[2m2:52:28 am[22m [36m[1m[vite][22m[39m [32mhmr update [39m[2m/src/pages/Login.jsx[22m
[2m2:55:25 am[22m [36m[1m[vite][22m[39m [32mhmr update [39m[2m/src/pages/Login.jsx[22m
[2m2:57:52 am[22m [36m[1m[vite][22m[39m [32mhmr update [39m[2m/src/pages/Login.jsx[22m
[2m2:57:52 am[22m [36m[1m[vite][22m[39m [32mhmr update [39m[2m/src/pages/Login.jsx[22m
[2m2:58:32 am[22m [36m[1m[vite][22m[39m [32mhmr update [39m[2m/src/styles/pages.css[22m
[2m2:58:33 am[22m [36m[1m[vite][22m[39m [32mhmr update [39m[2m/src/styles/pages.css[22m
[2m3:14:05 am[22m [36m[1m[vite][22m[39m [32mhmr update [39m[2m/src/pages/Login.jsx[22m
[2m3:14:06 am[22m [36m[1m[vite][22m[39m [32mhmr update [39m[2m/src/pages/Login.jsx[22m
[2m3:14:06 am[22m [36m[1m[vite][22m[39m [32mhmr update [39m[2m/src/styles/pages.css[22m
[2m3:18:21 am[22m [36m[1m[vite][22m[39m [32mhmr update [39m[2m/src/styles/pages.css[22m
[2m3:18:21 am[22m [36m[1m[vite][22m[39m [32mhmr update [39m[2m/src/pages/Login.jsx[22m
[2m3:18:21 am[22m [36m[1m[vite][22m[39m [32mhmr update [39m[2m/src/styles/pages.css[22m
[2m3:19:14 am[22m [36m[1m[vite][22m[39m [32mhmr update [39m[2m/src/pages/Signup.jsx[22m
[2m3:19:14 am[22m [36m[1m[vite][22m[39m [32mhmr update [39m[2m/src/styles/pages.css[22m
[2m3:26:40 am[22m [36m[1m[vite][22m[39m [32mhmr update [39m[2m/src/styles/pages.css[22m
[2m3:26:40 am[22m [36m[1m[vite][22m[39m [32mhmr update [39m[2m/src/styles/pages.css[22m
[2m3:26:40 am[22m [36m[1m[vite][22m[39m [32mhmr update [39m[2m/src/styles/pages.css[22m
[2m3:27:32 am[22m [36m[1m[vite][22m[39m [32mhmr update [39m[2m/src/styles/pages.css[22m
[2m3:27:53 am[22m [36m[1m[vite][22m[39m [32mhmr update [39m[2m/src/styles/pages.css[22m
[2m3:28:07 am[22m [36m[1m[vite][22m[39m [32mhmr update [39m[2m/src/styles/pages.css[22m
[2m3:28:54 am[22m [36m[1m[vite][22m[39m [32mhmr update [39m[2m/src/styles/pages.css[22m
[2m3:29:53 am[22m [36m[1m[vite][22m[39m [32mhmr update [39m[2m/src/styles/pages.css[22m
[2m3:29:53 am[22m [36m[1m[vite][22m[39m [32mhmr update [39m[2m/src/styles/pages.css[22m
[2m3:30:09 am[22m [36m[1m[vite][22m[39m [32mhmr update [39m[2m/src/styles/pages.css[22m
[2m3:30:09 am[22m [36m[1m[vite][22m[39m [32mhmr update [39m[2m/src/styles/pages.css[22m
[2m3:30:37 am[22m [36m[1m[vite][22m[39m [32mhmr update [39m[2m/src/styles/pages.css[22m
[2m3:31:02 am[22m [36m[1m[vite][22m[39m [32mhmr update [39m[2m/src/styles/pages.css[22m
[2m3:31:13 am[22m [36m[1m[vite][22m[39m [32mhmr update [39m[2m/src/styles/pages.css[22m
[2m3:31:24 am[22m [36m[1m[vite][22m[39m [32mhmr update [39m[2m/src/styles/pages.css[22m
[2m3:31:58 am[22m [36m[1m[vite][22m[39m [32mhmr update [39m[2m/src/pages/Login.jsx[22m
[2m3:32:11 am[22m [36m[1m[vite][22m[39m [32mhmr update [39m[2m/src/pages/Login.jsx[22m
[2m3:32:38 am[22m [36m[1m[vite][22m[39m [32mhmr update [39m[2m/src/pages/Login.jsx[22m
[2m3:32:40 am[22m [36m[1m[vite][22m[39m [32mhmr update [39m[2m/src/pages/Login.jsx[22m
[2m3:32:40 am[22m [36m[1m[vite][22m[39m [32mhmr update [39m[2m/src/pages/Login.jsx[22m
[2m3:33:14 am[22m [36m[1m[vite][22m[39m [32mhmr update [39m[2m/src/pages/FindAccount.jsx[22m
[2m3:33:44 am[22m [36m[1m[vite][22m[39m [32mhmr update [39m[2m/src/styles/pages.css[22m
[2m3:34:15 am[22m [36m[1m[vite][22m[39m [32mhmr update [39m[2m/src/pages/ForgotPassword.jsx[22m
[2m3:36:24 am[22m [36m[1m[vite][22m[39m [32mhmr update [39m[2m/src/pages/Signup.jsx[22m
[2m3:36:24 am[22m [36m[1m[vite][22m[39m [32mhmr update [39m[2m/src/pages/Signup.jsx[22m
[2m3:36:38 am[22m [36m[1m[vite][22m[39m [32mhmr update [39m[2m/src/styles/pages.css[22m
[2m3:36:38 am[22m [36m[1m[vite][22m[39m [32mhmr update [39m[2m/src/styles/pages.css[22m
[2m3:36:38 am[22m [36m[1m[vite][22m[39m [32mhmr update [39m[2m/src/pages/Signup.jsx[22m
[2m3:36:39 am[22m [36m[1m[vite][22m[39m [32mhmr update [39m[2m/src/pages/Signup.jsx[22m
[2m3:36:52 am[22m [36m[1m[vite][22m[39m [32mhmr update [39m[2m/src/pages/Signup.jsx[22m
[2m3:37:12 am[22m [36m[1m[vite][22m[39m [32mhmr update [39m[2m/src/pages/Signup.jsx[22m
[2m3:37:29 am[22m [36m[1m[vite][22m[39m [32mhmr update [39m[2m/src/pages/Signup.jsx[22m
[2m3:37:50 am[22m [36m[1m[vite][22m[39m [32mhmr update [39m[2m/src/pages/Signup.jsx[22m
[2m3:38:20 am[22m [36m[1m[vite][22m[39m [32mhmr update [39m[2m/src/pages/Signup.jsx[22m
[2m3:38:20 am[22m [36m[1m[vite][22m[39m [32mhmr update [39m[2m/src/pages/Signup.jsx[22m
[2m3:38:33 am[22m [36m[1m[vite][22m[39m [32mhmr update [39m[2m/src/pages/Signup.jsx[22m
[2m3:38:58 am[22m [36m[1m[vite][22m[39m [32mhmr update [39m[2m/src/pages/Signup.jsx[22m
[2m3:39:26 am[22m [36m[1m[vite][22m[39m [32mhmr update [39m[2m/src/pages/Signup.jsx[22m
[2m3:39:45 am[22m [36m[1m[vite][22m[39m [32mhmr update [39m[2m/src/pages/Signup.jsx[22m
[2m3:39:45 am[22m [36m[1m[vite][22m[39m [32mhmr update [39m[2m/src/pages/Signup.jsx[22m
[2m3:39:57 am[22m [36m[1m[vite][22m[39m [32mhmr update [39m[2m/src/pages/Signup.jsx[22m
[2m3:40:17 am[22m [36m[1m[vite][22m[39m [32mhmr update [39m[2m/src/pages/Signup.jsx[22m
[2m3:40:27 am[22m [36m[1m[vite][22m[39m [32mhmr update [39m[2m/src/pages/Signup.jsx[22m
[2m3:40:38 am[22m [36m[1m[vite][22m[39m [32mhmr update [39m[2m/src/pages/Signup.jsx[22m
[2m3:40:49 am[22m [36m[1m[vite][22m[39m [32mhmr update [39m[2m/src/pages/Signup.jsx[22m
[2m3:41:08 am[22m [36m[1m[vite][22m[39m [32mhmr update [39m[2m/src/styles/pages.css[22m
[2m3:41:43 am[22m [36m[1m[vite][22m[39m [32mhmr update [39m[2m/src/pages/Signup.jsx[22m
[2m3:43:13 am[22m [36m[1m[vite][22m[39m [32mhmr update [39m[2m/src/pages/FindAccount.jsx[22m
[2m3:43:58 am[22m [36m[1m[vite][22m[39m [32mhmr update [39m[2m/src/pages/FindAccount.jsx[22m
[2m3:46:44 am[22m [36m[1m[vite][22m[39m [32mhmr update [39m[2m/src/pages/FindAccount.jsx[22m
[2m3:46:44 am[22m [36m[1m[vite][22m[39m [32mhmr update [39m[2m/src/pages/FindAccount.jsx[22m
[2m3:47:10 am[22m [36m[1m[vite][22m[39m [32mhmr update [39m[2m/src/pages/FindAccount.jsx[22m
[2m3:53:17 am[22m [36m[1m[vite][22m[39m [32mhmr update [39m[2m/src/styles/pages.css[22m
[2m3:53:17 am[22m [36m[1m[vite][22m[39m [32mhmr update [39m[2m/src/styles/pages.css[22m
[2m3:53:17 am[22m [36m[1m[vite][22m[39m [32mhmr update [39m[2m/src/styles/pages.css[22m
[2m3:53:50 am[22m [36m[1m[vite][22m[39m [32mhmr update [39m[2m/src/styles/pages.css[22m
[2m3:59:47 am[22m [36m[1m[vite][22m[39m [32mhmr update [39m[2m/src/pages/Login.jsx[22m
[2m3:59:47 am[22m [36m[1m[vite][22m[39m [32mhmr update [39m[2m/src/pages/Login.jsx[22m
[2m3:59:47 am[22m [36m[1m[vite][22m[39m [32mhmr update [39m[2m/src/styles/pages.css[22m
[2m4:23:12 am[22m [36m[1m[vite][22m[39m [32mhmr update [39m[2m/src/pages/Signup.jsx[22m
[2m4:23:12 am[22m [36m[1m[vite][22m[39m [32mhmr update [39m[2m/src/pages/Signup.jsx[22m
[2m4:23:25 am[22m [36m[1m[vite][22m[39m [32mhmr update [39m[2m/src/pages/Signup.jsx[22m
[2m4:40:42 am[22m [36m[1m[vite][22m[39m [32mhmr update [39m[2m/src/styles/pages.css[22m
[2m4:40:42 am[22m [36m[1m[vite][22m[39m [32mhmr update [39m[2m/src/pages/Login.jsx[22m
[2m4:40:42 am[22m [36m[1m[vite][22m[39m [32mhmr update [39m[2m/src/styles/pages.css[22m
[2m4:40:42 am[22m [36m[1m[vite][22m[39m [32mhmr update [39m[2m/src/pages/Login.jsx[22m
